<h1>Hello World!</h1>

<p>This is a description</p>

Tags: <ul><li>tdd</li><li>go</li></ul>